// Jest Snapshot v1, https://goo.gl/fbAQLP

exports[`Navigation Snapshots matches snapshot 1`] = `
<nav
  class="Navigation"
>
  <ul
    class="Navigation-navLinks"
  >
    <li
      class="Navigation-navLink"
    >
      <smart-link-stub
        to="/"
      >
        <div
          class="Navigation-title"
        >
          <span>
            Home
          </span>
        </div>
         
        <div
          class="Navigation-icon"
        >
          <svg />
        </div>
      </smart-link-stub>
    </li>
     
    <li
      class="Navigation-navLink"
    >
      <smart-link-stub
        to="/about"
      >
        <span
          class="Navigation-title"
        >
          About
        </span>
         
        <div
          class="Navigation-icon"
        >
          <svg />
        </div>
      </smart-link-stub>
    </li>
    <li
      class="Navigation-navLink"
    >
      <smart-link-stub
        to="/blog"
      >
        <span
          class="Navigation-title"
        >
          Blog
        </span>
         
        <div
          class="Navigation-icon"
        >
          <svg />
        </div>
      </smart-link-stub>
    </li>
    <li
      class="Navigation-navLink"
    >
      <smart-link-stub
        to="/connect"
      >
        <span
          class="Navigation-title"
        >
          Connect
        </span>
         
        <div
          class="Navigation-icon"
        >
          <svg />
        </div>
      </smart-link-stub>
    </li>
    <li
      class="Navigation-navLink"
    >
      <smart-link-stub
        isexternal="true"
        to="https://etsy.com/shop/blinddogyarns"
      >
        <span
          class="Navigation-title"
        >
          Shop
        </span>
         
        <div
          class="Navigation-icon"
        >
          <svg />
        </div>
      </smart-link-stub>
    </li>
  </ul>
</nav>
`;
