// Jest Snapshot v1, https://goo.gl/fbAQLP

exports[`TalkList Snapshots matches snapshot 1`] = `
<div
  class="TalkList"
>
  <smart-link-stub
    class="TalkListItem TalkListItem--gray Draw--300"
    color="gray"
    givenat="[object Object]"
    iconcssclass="Draw--300"
    iconsvg=<svg></svg>
    id="talk2"
    maincontent="talk main content"
    preamble="talk 2 preamble"
    title="talk 2 title"
    to="speaking/talk2"
    urlsegment="talk2"
  >
    <div
      class="TalkListItem-icon"
    >
      <svg />
    </div>
     
    <h3
      class="TalkListItem-title"
    >
      talk 2 title
    </h3>
     
    <div
      class="TalkListItem-moreInfo"
    >
      
      Resources
    
    </div>
  </smart-link-stub>
  <smart-link-stub
    class="TalkListItem TalkListItem--gray Draw--300"
    color="gray"
    givenat="[object Object]"
    iconcssclass="Draw--300"
    iconsvg=<svg></svg>
    id="talk1"
    maincontent="talk main content"
    preamble="talk 1 preamble"
    title="talk 1 title"
    to="speaking/talk1"
    urlsegment="talk1"
  >
    <div
      class="TalkListItem-icon"
    >
      <svg />
    </div>
     
    <h3
      class="TalkListItem-title"
    >
      talk 1 title
    </h3>
     
    <div
      class="TalkListItem-moreInfo"
    >
      
      Resources
    
    </div>
  </smart-link-stub>
  <smart-link-stub
    class="TalkListItem TalkListItem--gray Draw--300"
    color="gray"
    givenat="[object Object]"
    iconcssclass="Draw--300"
    iconsvg=<svg></svg>
    id="talk3"
    maincontent="talk main content"
    preamble="talk 3 preamble"
    title="talk 3 title"
    to="speaking/undefined"
  >
    <div
      class="TalkListItem-icon"
    >
      <svg />
    </div>
     
    <h3
      class="TalkListItem-title"
    >
      talk 3 title
    </h3>
     
    <div
      class="TalkListItem-moreInfo"
    >
      
      Resources
    
    </div>
  </smart-link-stub>
</div>
`;
