// Jest Snapshot v1, https://goo.gl/fbAQLP

exports[`TalkPage Snapshots matches snapshot 1`] = `
<main
  class="TalkPage"
  ctalinks=""
>
  <pageheader-stub
    color="yellow"
    icon=<svg></svg>
  >
    <template>
      <h1>
        Fun, Friendly Computer Science
      </h1>
    </template>
  </pageheader-stub>
   
  <div>
    <div
      class="PageContent"
    >
      <parsemarkdown-stub
        class="PageContent-mainContent"
        source="talk main content"
      />
       
      <div
        class="EventDetails"
      >
        <h2
          class="h4"
        >
          
        </h2>
         
        <div
          class="EventDetails-links"
        >
          <!---->
           
          <!---->
           
          <!---->
           
          <!---->
           
          <em>
            
          </em>
        </div>
      </div>
      <div
        class="EventDetails"
      >
        <h2
          class="h4"
        >
          
        </h2>
         
        <div
          class="EventDetails-links"
        >
          <!---->
           
          <!---->
           
          <!---->
           
          <!---->
           
          <em>
            
          </em>
        </div>
      </div>
      <div
        class="EventDetails"
      >
        <h2
          class="h4"
        >
          
        </h2>
         
        <div
          class="EventDetails-links"
        >
          <!---->
           
          <!---->
           
          <!---->
           
          <!---->
           
          <em>
            
          </em>
        </div>
      </div>
      <div
        class="EventDetails"
      >
        <h2
          class="h4"
        >
          
        </h2>
         
        <div
          class="EventDetails-links"
        >
          <!---->
           
          <!---->
           
          <!---->
           
          <!---->
           
          <em>
            
          </em>
        </div>
      </div>
      <div
        class="EventDetails"
      >
        <h2
          class="h4"
        >
          
        </h2>
         
        <div
          class="EventDetails-links"
        >
          <!---->
           
          <!---->
           
          <!---->
           
          <!---->
           
          <em>
            
          </em>
        </div>
      </div>
      <div
        class="EventDetails"
      >
        <h2
          class="h4"
        >
          
        </h2>
         
        <div
          class="EventDetails-links"
        >
          <!---->
           
          <!---->
           
          <!---->
           
          <!---->
           
          <em>
            
          </em>
        </div>
      </div>
      <div
        class="EventDetails"
      >
        <h2
          class="h4"
        >
          
        </h2>
         
        <div
          class="EventDetails-links"
        >
          <!---->
           
          <!---->
           
          <!---->
           
          <!---->
           
          <em>
            
          </em>
        </div>
      </div>
      <div
        class="EventDetails"
      >
        <h2
          class="h4"
        >
          
        </h2>
         
        <div
          class="EventDetails-links"
        >
          <!---->
           
          <!---->
           
          <!---->
           
          <!---->
           
          <em>
            
          </em>
        </div>
      </div>
      <div
        class="EventDetails"
      >
        <h2
          class="h4"
        >
          
        </h2>
         
        <div
          class="EventDetails-links"
        >
          <!---->
           
          <!---->
           
          <!---->
           
          <!---->
           
          <em>
            
          </em>
        </div>
      </div>
      <div
        class="EventDetails"
      >
        <h2
          class="h4"
        >
          
        </h2>
         
        <div
          class="EventDetails-links"
        >
          <!---->
           
          <!---->
           
          <!---->
           
          <!---->
           
          <em>
            
          </em>
        </div>
      </div>
      <div
        class="EventDetails"
      >
        <h2
          class="h4"
        >
          
        </h2>
         
        <div
          class="EventDetails-links"
        >
          <!---->
           
          <!---->
           
          <!---->
           
          <!---->
           
          <em>
            
          </em>
        </div>
      </div>
       
      <br />
    </div>
  </div>
</main>
`;
