// Jest Snapshot v1, https://goo.gl/fbAQLP

exports[`BlogListItem Snapshots matches snapshot 1`] = `
<div
  class="BlogItem BlogItem--gray"
>
  <router-link
    to="[object Object]"
  >
    <div
      class="BlogItem-container"
    >
      <div
        class="BlogItem-date"
      >
        <span>
          Apr
        </span>
         
        <span
          class="BlogItem-publishDay"
        >
          25
        </span>
         
        <span>
          2018
        </span>
      </div>
       
      <div
        class="BlogItem-text"
      >
        <h5
          class="BlogItem-title"
        >
          blog title
        </h5>
         
        <p
          class="BlogItem-preamble"
        >
          blog preamble
        </p>
      </div>
    </div>
  </router-link>
   
  <!---->
</div>
`;
