// Jest Snapshot v1, https://goo.gl/fbAQLP

exports[`PageHeader with a title matches snapshot 1`] = `
<header class="PageHeader PageHeader--brown">
  <div class="PageHeader-media">
    <img src="http://image.com">
  </div>
  <div class="PageHeader-text">
    <h1>title</h1>
    <p class="PageHeader-description">heres the preamble</p>
  </div>
</header>
`;

exports[`PageHeader without a title matches snapshot 1`] = `undefined`;
