// Jest Snapshot v1, https://goo.gl/fbAQLP

exports[`HeroHeader Snapshots with a title matches snapshot 1`] = `
<header
  class="Hero Hero--brown"
>
  <div
    class="Hero-contentContainer"
  >
    <div>
      <img
        class="Hero-image"
        src="http://google.com"
      />
       
      <!---->
    </div>
  </div>
   
  <div
    class="Hero-background"
  >
    <img
      class="Hero-backgroundImage"
      src="http://image1.com"
    />
    <img
      class="Hero-backgroundImage"
      src="http://image2.com"
    />
    <img
      class="Hero-backgroundImage"
      src="http://image3.com"
    />
  </div>
</header>
`;

exports[`HeroHeader Snapshots without a title matches snapshot 1`] = `<!---->`;
