// Jest Snapshot v1, https://goo.gl/fbAQLP

exports[`Navigation Snapshots matches snapshot 1`] = `
<nav
  class="Navigation"
>
  <ul
    class="Navigation-navLinks"
  >
    <li
      class="Navigation-navLink"
    >
      <smart-link-stub
        to="/"
      >
        <div
          class="Navigation-title"
        >
          <span>
            Home
          </span>
        </div>
         
        <img
          alt="Home icon"
          class="Navigation-icon"
          src="../assets/HomeIcon.svg"
        />
      </smart-link-stub>
    </li>
     
    <li
      class="Navigation-navLink"
    >
      <smart-link-stub
        to="/about"
      >
        <div
          class="Navigation-title"
        >
          <span>
            About
          </span>
        </div>
         
        <img
          alt="About icon"
          class="Navigation-icon"
          src="http://placeholder.pics/svg/300"
        />
      </smart-link-stub>
    </li>
    <li
      class="Navigation-navLink"
    >
      <smart-link-stub
        to="/blog"
      >
        <div
          class="Navigation-title"
        >
          <span>
            Blog
          </span>
        </div>
         
        <img
          alt="Blog icon"
          class="Navigation-icon"
          src="http://placeholder.pics/svg/300"
        />
      </smart-link-stub>
    </li>
    <li
      class="Navigation-navLink"
    >
      <smart-link-stub
        to="/connect"
      >
        <div
          class="Navigation-title"
        >
          <span>
            Connect
          </span>
        </div>
         
        <img
          alt="Connect icon"
          class="Navigation-icon"
          src="http://placeholder.pics/svg/300"
        />
      </smart-link-stub>
    </li>
    <li
      class="Navigation-navLink"
    >
      <smart-link-stub
        isexternal="true"
        to="https://etsy.com/shop/blinddogyarns"
      >
        <div
          class="Navigation-title"
        >
          <span>
            Shop
          </span>
        </div>
         
        <img
          alt="Shop icon"
          class="Navigation-icon"
          src="http://placeholder.pics/svg/300"
        />
      </smart-link-stub>
    </li>
  </ul>
</nav>
`;
