// Jest Snapshot v1, https://goo.gl/fbAQLP

exports[`Navigation Snapshots matches snapshot 1`] = `
<nav
  class="Navigation"
>
  <ul
    class="Navigation-navLinks"
  >
    <li
      class="Navigation-navLink"
    >
      <div>
        <!---->
         
        <!---->
      </div>
    </li>
     
    <li
      class="Navigation-navLink"
    >
      <div>
        <!---->
         
        <!---->
      </div>
    </li>
    <li
      class="Navigation-navLink"
    >
      <div>
        <!---->
         
        <!---->
      </div>
    </li>
    <li
      class="Navigation-navLink"
    >
      <div>
        <!---->
         
        <!---->
      </div>
    </li>
    <li
      class="Navigation-navLink"
    >
      <div>
        <!---->
         
        <a
          href="https://etsy.com/shop/blinddogyarns"
          target="_blank"
        >
          <div
            class="Navigation-title"
          >
            <span>
              Shop
            </span>
          </div>
           
          <div
            class="Navigation-icon"
          >
            <svg />
          </div>
        </a>
      </div>
    </li>
  </ul>
</nav>
`;
